------------------------------------------------------------
TimeQuest Timing Analyzer Summary
------------------------------------------------------------

Type  : Slow Model Setup 'flipflop:stage3|y[0]'
Slack : -4.345
TNS   : -11.278

Type  : Slow Model Setup 'CLOCK_50'
Slack : -1.889
TNS   : -9.492

Type  : Slow Model Setup 'VGA|mypll|altpll_component|pll|clk[0]'
Slack : 33.243
TNS   : 0.000

Type  : Slow Model Hold 'flipflop:stage3|y[0]'
Slack : -2.863
TNS   : -5.336

Type  : Slow Model Hold 'CLOCK_50'
Slack : -1.591
TNS   : -29.885

Type  : Slow Model Hold 'VGA|mypll|altpll_component|pll|clk[0]'
Slack : 0.515
TNS   : 0.000

Type  : Slow Model Minimum Pulse Width 'flipflop:stage3|y[0]'
Slack : 0.500
TNS   : 0.000

Type  : Slow Model Minimum Pulse Width 'CLOCK_50'
Slack : 7.620
TNS   : 0.000

Type  : Slow Model Minimum Pulse Width 'VGA|mypll|altpll_component|pll|clk[0]'
Slack : 17.873
TNS   : 0.000

Type  : Fast Model Setup 'flipflop:stage3|y[0]'
Slack : -1.539
TNS   : -4.385

Type  : Fast Model Setup 'CLOCK_50'
Slack : -0.628
TNS   : -0.899

Type  : Fast Model Setup 'VGA|mypll|altpll_component|pll|clk[0]'
Slack : 36.984
TNS   : 0.000

Type  : Fast Model Hold 'flipflop:stage3|y[0]'
Slack : -1.597
TNS   : -3.053

Type  : Fast Model Hold 'CLOCK_50'
Slack : -0.916
TNS   : -20.295

Type  : Fast Model Hold 'VGA|mypll|altpll_component|pll|clk[0]'
Slack : 0.236
TNS   : 0.000

Type  : Fast Model Minimum Pulse Width 'flipflop:stage3|y[0]'
Slack : 0.500
TNS   : 0.000

Type  : Fast Model Minimum Pulse Width 'CLOCK_50'
Slack : 7.620
TNS   : 0.000

Type  : Fast Model Minimum Pulse Width 'VGA|mypll|altpll_component|pll|clk[0]'
Slack : 17.873
TNS   : 0.000

------------------------------------------------------------
